// Jest Snapshot v1, https://goo.gl/fbAQLP

exports[`Icons renders Category Code Icon 1`] = `
<CategoryCodePOLR>
  <IconBase
    viewBox="0 0 16 16"
  >
    <svg
      fill="currentColor"
      height="1em"
      preserveAspectRatio="xMidYMid meet"
      style={
        Object {
          "color": undefined,
          "verticalAlign": "middle",
        }
      }
      viewBox="0 0 16 16"
      width="1em"
    >
      <g>
        <title>
          CategoryCodePOLR
        </title>
        <path
          d="M13.329,7.056a.868.868,0,0,0,.647-1.041.869.869,0,0,0-1.039-.653L12.35,2.821a.88.88,0,0,0-1.038-.652A9.559,9.559,0,0,1,6,6.073l-3.16.73a1.037,1.037,0,0,0-.672.483,1.049,1.049,0,0,0-.137.82l.294,1.27a1.049,1.049,0,0,0,.482.676,1.037,1.037,0,0,0,.816.139s.42-.083.977-.2l1.49,3.213a.837.837,0,0,0,1,.625l.695-.16a.838.838,0,0,0,.625-1l-1.3-3.232a1.27,1.27,0,0,0,.233-.078,10.014,10.014,0,0,1,5.928,1.279A.881.881,0,0,0,13.916,9.6ZM7.44,8.466,7.027,6.679a10.492,10.492,0,0,0,4.532-3.438l1.459,6.313A10.523,10.523,0,0,0,7.44,8.466Z"
        />
      </g>
    </svg>
  </IconBase>
</CategoryCodePOLR>
`;

exports[`Icons renders icon for Test Group 1`] = `
<NettestGroupWebsites>
  <IconBase
    viewBox="0 0 30 30"
  >
    <svg
      fill="currentColor"
      height="1em"
      preserveAspectRatio="xMidYMid meet"
      style={
        Object {
          "color": undefined,
          "verticalAlign": "middle",
        }
      }
      viewBox="0 0 30 30"
      width="1em"
    >
      <g>
        <defs />
        <title>
          Websites
        </title>
        <g>
          <path
            d="M19.347,16.686a17.92,17.92,0,0,0,.157-2.3,22.427,22.427,0,0,0-.157-2.3h3.895a9.839,9.839,0,0,1,.295,2.3,9.841,9.841,0,0,1-.295,2.3Zm-2.026,6.393a18.452,18.452,0,0,0,1.593-4.092H22.3A9.221,9.221,0,0,1,17.321,23.079Zm-.3-6.393h-5.39a17.744,17.744,0,0,1-.177-2.3,17.474,17.474,0,0,1,.177-2.3h5.39a17.646,17.646,0,0,1,.177,2.3A17.922,17.922,0,0,1,17.026,16.686Zm-2.695,6.865a15.783,15.783,0,0,1-2.2-4.564h4.386A15.5,15.5,0,0,1,14.331,23.551ZM9.767,9.781h-3.4A9.225,9.225,0,0,1,11.341,5.69,17.424,17.424,0,0,0,9.767,9.781Zm-3.4,9.206h3.4a18.452,18.452,0,0,0,1.593,4.092A9.2,9.2,0,0,1,6.364,18.987Zm-.944-2.3a9.841,9.841,0,0,1-.295-2.3,9.839,9.839,0,0,1,.295-2.3H9.315a17.738,17.738,0,0,0-.158,2.3,22.148,22.148,0,0,0,.158,2.3ZM14.331,5.218a15.815,15.815,0,0,1,2.2,4.563H12.128A16.03,16.03,0,0,1,14.331,5.218ZM22.3,9.781h-3.4A18.4,18.4,0,0,0,17.3,5.69,9.2,9.2,0,0,1,22.3,9.781Zm-7.986-6.9A11.508,11.508,0,1,0,25.838,14.384,11.493,11.493,0,0,0,14.311,2.877Z"
          />
        </g>
      </g>
    </svg>
  </IconBase>
</NettestGroupWebsites>
`;
