// Jest Snapshot v1, https://goo.gl/fbAQLP

exports[`PieChart renders 1`] = `
<svg
  height={400}
  width={400}
>
  <ChartTitle />
  <ChartTitle
    subtitle={true}
  />
  <g
    transform="translate(50, 0)"
  >
    <VictoryPie
      colorScale={
        Array [
          "#0588cb",
          "#e64980",
          "#ffa94d",
          "#c0eb75",
          "#6741d9",
        ]
      }
      containerComponent={
        <VictoryContainer
          portalComponent={
            <Portal
              groupComponent={<g />}
            />
          }
          responsive={true}
        />
      }
      data={
        Array [
          Object {
            "x": "A",
            "y": 1,
          },
          Object {
            "x": "B",
            "y": 2,
          },
          Object {
            "x": "C",
            "y": 3,
          },
          Object {
            "x": "D",
            "y": 1,
          },
          Object {
            "x": "E",
            "y": 2,
          },
        ]
      }
      dataComponent={<Slice />}
      groupComponent={<g />}
      height={400}
      innerRadius={50}
      labelComponent={<PieLabelComponent />}
      labelRadius={80}
      padding={
        Object {
          "bottom": 80,
          "left": 80,
          "right": 80,
          "top": 80,
        }
      }
      standalone={true}
      theme={
        Object {
          "area": Object {
            "colorScale": Array [
              "#252525",
              "#525252",
              "#737373",
              "#969696",
              "#bdbdbd",
              "#d9d9d9",
              "#f0f0f0",
            ],
            "height": 300,
            "padding": 50,
            "style": Object {
              "data": Object {
                "fill": "#252525",
              },
              "labels": Object {
                "fill": "#252525",
                "fontFamily": "'Gill Sans', 'Gill Sans MT', 'Ser­avek', 'Trebuchet MS', sans-serif",
                "fontSize": 14,
                "letterSpacing": "normal",
                "padding": 10,
                "stroke": "transparent",
                "textAnchor": "middle",
              },
            },
            "width": 450,
          },
          "axis": Object {
            "colorScale": Array [
              "#252525",
              "#525252",
              "#737373",
              "#969696",
              "#bdbdbd",
              "#d9d9d9",
              "#f0f0f0",
            ],
            "height": 300,
            "padding": 50,
            "style": Object {
              "axis": Object {
                "fill": "transparent",
                "stroke": "#252525",
                "strokeLinecap": "round",
                "strokeLinejoin": "round",
                "strokeWidth": 1,
              },
              "axisLabel": Object {
                "fill": "#252525",
                "fontFamily": "'Gill Sans', 'Gill Sans MT', 'Ser­avek', 'Trebuchet MS', sans-serif",
                "fontSize": 14,
                "letterSpacing": "normal",
                "padding": 25,
                "stroke": "transparent",
                "textAnchor": "middle",
              },
              "grid": Object {
                "fill": "transparent",
                "pointerEvents": "none",
                "stroke": "transparent",
              },
              "tickLabels": Object {
                "fill": "#252525",
                "fontFamily": "'Gill Sans', 'Gill Sans MT', 'Ser­avek', 'Trebuchet MS', sans-serif",
                "fontSize": 14,
                "letterSpacing": "normal",
                "padding": 10,
                "stroke": "transparent",
              },
              "ticks": Object {
                "fill": "transparent",
                "size": 1,
                "stroke": "transparent",
              },
            },
            "width": 450,
          },
          "bar": Object {
            "colorScale": Array [
              "#252525",
              "#525252",
              "#737373",
              "#969696",
              "#bdbdbd",
              "#d9d9d9",
              "#f0f0f0",
            ],
            "height": 300,
            "padding": 50,
            "style": Object {
              "data": Object {
                "fill": "#252525",
                "padding": 8,
                "strokeWidth": 0,
              },
              "labels": Object {
                "fill": "#252525",
                "fontFamily": "'Gill Sans', 'Gill Sans MT', 'Ser­avek', 'Trebuchet MS', sans-serif",
                "fontSize": 14,
                "letterSpacing": "normal",
                "padding": 10,
                "stroke": "transparent",
              },
            },
            "width": 450,
          },
          "candlestick": Object {
            "candleColors": Object {
              "negative": "#252525",
              "positive": "#ffffff",
            },
            "colorScale": Array [
              "#252525",
              "#525252",
              "#737373",
              "#969696",
              "#bdbdbd",
              "#d9d9d9",
              "#f0f0f0",
            ],
            "height": 300,
            "padding": 50,
            "style": Object {
              "data": Object {
                "stroke": "#252525",
                "strokeWidth": 1,
              },
              "labels": Object {
                "fill": "#252525",
                "fontFamily": "'Gill Sans', 'Gill Sans MT', 'Ser­avek', 'Trebuchet MS', sans-serif",
                "fontSize": 14,
                "letterSpacing": "normal",
                "padding": 10,
                "stroke": "transparent",
                "textAnchor": "middle",
              },
            },
            "width": 450,
          },
          "chart": Object {
            "colorScale": Array [
              "#252525",
              "#525252",
              "#737373",
              "#969696",
              "#bdbdbd",
              "#d9d9d9",
              "#f0f0f0",
            ],
            "height": 300,
            "padding": 50,
            "width": 450,
          },
          "errorbar": Object {
            "colorScale": Array [
              "#252525",
              "#525252",
              "#737373",
              "#969696",
              "#bdbdbd",
              "#d9d9d9",
              "#f0f0f0",
            ],
            "height": 300,
            "padding": 50,
            "style": Object {
              "data": Object {
                "fill": "transparent",
                "stroke": "#252525",
                "strokeWidth": 2,
              },
              "labels": Object {
                "fill": "#252525",
                "fontFamily": "'Gill Sans', 'Gill Sans MT', 'Ser­avek', 'Trebuchet MS', sans-serif",
                "fontSize": 14,
                "letterSpacing": "normal",
                "padding": 10,
                "stroke": "transparent",
                "textAnchor": "middle",
              },
            },
            "width": 450,
          },
          "group": Object {
            "colorScale": Array [
              "#252525",
              "#525252",
              "#737373",
              "#969696",
              "#bdbdbd",
              "#d9d9d9",
              "#f0f0f0",
            ],
            "height": 300,
            "padding": 50,
            "width": 450,
          },
          "legend": Object {
            "colorScale": Array [
              "#252525",
              "#525252",
              "#737373",
              "#969696",
              "#bdbdbd",
              "#d9d9d9",
              "#f0f0f0",
            ],
            "gutter": 10,
            "orientation": "vertical",
            "style": Object {
              "data": Object {
                "type": "circle",
              },
              "labels": Object {
                "fill": "#252525",
                "fontFamily": "'Gill Sans', 'Gill Sans MT', 'Ser­avek', 'Trebuchet MS', sans-serif",
                "fontSize": 14,
                "letterSpacing": "normal",
                "padding": 10,
                "stroke": "transparent",
              },
              "title": Object {
                "fill": "#252525",
                "fontFamily": "'Gill Sans', 'Gill Sans MT', 'Ser­avek', 'Trebuchet MS', sans-serif",
                "fontSize": 14,
                "letterSpacing": "normal",
                "padding": 5,
                "stroke": "transparent",
              },
            },
            "titleOrientation": "top",
          },
          "line": Object {
            "colorScale": Array [
              "#252525",
              "#525252",
              "#737373",
              "#969696",
              "#bdbdbd",
              "#d9d9d9",
              "#f0f0f0",
            ],
            "height": 300,
            "padding": 50,
            "style": Object {
              "data": Object {
                "fill": "transparent",
                "stroke": "#252525",
                "strokeWidth": 2,
              },
              "labels": Object {
                "fill": "#252525",
                "fontFamily": "'Gill Sans', 'Gill Sans MT', 'Ser­avek', 'Trebuchet MS', sans-serif",
                "fontSize": 14,
                "letterSpacing": "normal",
                "padding": 10,
                "stroke": "transparent",
                "textAnchor": "middle",
              },
            },
            "width": 450,
          },
          "pie": Object {
            "colorScale": Array [
              "#252525",
              "#525252",
              "#737373",
              "#969696",
              "#bdbdbd",
              "#d9d9d9",
              "#f0f0f0",
            ],
            "height": 400,
            "padding": 50,
            "style": Object {
              "data": Object {
                "padding": 10,
                "stroke": "transparent",
                "strokeWidth": 1,
              },
              "labels": Object {
                "fill": "#252525",
                "fontFamily": "'Gill Sans', 'Gill Sans MT', 'Ser­avek', 'Trebuchet MS', sans-serif",
                "fontSize": 14,
                "letterSpacing": "normal",
                "padding": 20,
                "stroke": "transparent",
              },
            },
            "width": 400,
          },
          "scatter": Object {
            "colorScale": Array [
              "#252525",
              "#525252",
              "#737373",
              "#969696",
              "#bdbdbd",
              "#d9d9d9",
              "#f0f0f0",
            ],
            "height": 300,
            "padding": 50,
            "style": Object {
              "data": Object {
                "fill": "#252525",
                "stroke": "transparent",
                "strokeWidth": 0,
              },
              "labels": Object {
                "fill": "#252525",
                "fontFamily": "'Gill Sans', 'Gill Sans MT', 'Ser­avek', 'Trebuchet MS', sans-serif",
                "fontSize": 14,
                "letterSpacing": "normal",
                "padding": 10,
                "stroke": "transparent",
                "textAnchor": "middle",
              },
            },
            "width": 450,
          },
          "stack": Object {
            "colorScale": Array [
              "#252525",
              "#525252",
              "#737373",
              "#969696",
              "#bdbdbd",
              "#d9d9d9",
              "#f0f0f0",
            ],
            "height": 300,
            "padding": 50,
            "width": 450,
          },
          "tooltip": Object {
            "cornerRadius": 5,
            "flyoutStyle": Object {
              "fill": "#f0f0f0",
              "pointerEvents": "none",
              "stroke": "#252525",
              "strokeWidth": 1,
            },
            "pointerLength": 10,
            "style": Object {
              "fill": "#252525",
              "fontFamily": "'Gill Sans', 'Gill Sans MT', 'Ser­avek', 'Trebuchet MS', sans-serif",
              "fontSize": 14,
              "letterSpacing": "normal",
              "padding": 5,
              "pointerEvents": "none",
              "stroke": "transparent",
              "textAnchor": "middle",
            },
          },
          "voronoi": Object {
            "colorScale": Array [
              "#252525",
              "#525252",
              "#737373",
              "#969696",
              "#bdbdbd",
              "#d9d9d9",
              "#f0f0f0",
            ],
            "height": 300,
            "padding": 50,
            "style": Object {
              "data": Object {
                "fill": "transparent",
                "stroke": "transparent",
                "strokeWidth": 0,
              },
              "flyout": Object {
                "fill": "#f0f0f0",
                "pointerEvents": "none",
                "stroke": "#252525",
                "strokeWidth": 1,
              },
              "labels": Object {
                "fill": "#252525",
                "fontFamily": "'Gill Sans', 'Gill Sans MT', 'Ser­avek', 'Trebuchet MS', sans-serif",
                "fontSize": 14,
                "letterSpacing": "normal",
                "padding": 5,
                "pointerEvents": "none",
                "stroke": "transparent",
                "textAnchor": "middle",
              },
            },
            "width": 450,
          },
        }
      }
      width={400}
    />
  </g>
  <g
    transform="translate(25, 250)"
  >
    <OONILogoWordmarkHoriz
      width={100}
    />
  </g>
</svg>
`;
